error: basic.li:1:1: unexpected token
│ class pair
│ ~~~~~
│ ^
