{ x: 10, y: 20 }
{ x: 30, y: 40 }
{ x: 50, y: 60 }
{ x: 100, y: 20 }
{ x: 30, y: 200 }
{ x: 300, y: 60 }
{ x: 100, y: 20 }
{ x: 30, y: 200 }
{ x: 300, y: 60 }
1000
2000
3000
20
30
60
